Modules list:
-------------
bw6502.o:
    CODE              Offs=000000  Size=002DD6  Align=00100  Fill=0000
    RODATA            Offs=000000  Size=000000  Align=00001  Fill=0000
    BSS               Offs=000000  Size=000000  Align=00001  Fill=0000
    DATA              Offs=000000  Size=000000  Align=00001  Fill=0000
    ZEROPAGE          Offs=000000  Size=000000  Align=00001  Fill=0000
    NULL              Offs=000000  Size=000000  Align=00001  Fill=0000
    VECTORS           Offs=000000  Size=000006  Align=00001  Fill=0000


Segment list:
-------------
Name                   Start     End    Size  Align
----------------------------------------------------
ZEROPAGE              000000  000000  000000  00001
CODE                  008000  00ADD5  002DD6  00100
NULL                  008000  008000  000000  00001
BSS                   00ADD6  00ADD6  000000  00001
DATA                  00ADD6  00ADD6  000000  00001
RODATA                00ADD6  00ADD6  000000  00001
VECTORS               00FFFA  00FFFF  000006  00001


Exports list by name:
---------------------
__VECTORS_LOAD__          00FFFA  LA    __VECTORS_RUN__           00FFFA  LA    
__VECTORS_SIZE__          000006  EA    


Exports list by value:
----------------------
__VECTORS_SIZE__          000006  EA    __VECTORS_LOAD__          00FFFA  LA    
__VECTORS_RUN__           00FFFA  LA    


Imports list:
-------------
__VECTORS_LOAD__ ([linker generated]):
__VECTORS_RUN__ ([linker generated]):
__VECTORS_SIZE__ ([linker generated]):

